// Jest Snapshot v1, https://goo.gl/fbAQLP

exports[`(Snapshot) Cover should render correctly 1`] = `
<DocumentFragment>
  <div
    class="nuclear cover_container"
  >
    <img
      src="https://i.imgur.com/4euOws2.jpg"
    />
  </div>
</DocumentFragment>
`;
