// Jest Snapshot v1, https://goo.gl/fbAQLP

exports[`(Snapshot) Dropdown - search variant should render correctly 1`] = `
<DocumentFragment>
  <div
    aria-expanded="false"
    class="ui search selection dropdown nuclear dropdown"
    role="combobox"
  >
    <input
      aria-autocomplete="list"
      autocomplete="off"
      class="search"
      tabindex="0"
      type="text"
      value=""
    />
    <i
      aria-hidden="true"
      class="dropdown icon"
    />
    <div
      class="menu transition"
      role="listbox"
    >
      <div
        aria-checked="false"
        aria-selected="true"
        class="selected item"
        role="option"
        style="pointer-events: all;"
      >
        <span
          class="text"
        >
          abc
        </span>
      </div>
      <div
        aria-checked="false"
        aria-selected="false"
        class="item"
        role="option"
        style="pointer-events: all;"
      >
        <span
          class="text"
        >
          qwe
        </span>
      </div>
      <div
        aria-checked="false"
        aria-selected="false"
        class="item"
        role="option"
        style="pointer-events: all;"
      >
        <span
          class="text"
        >
          zxc
        </span>
      </div>
    </div>
  </div>
</DocumentFragment>
`;
