// Jest Snapshot v1, https://goo.gl/fbAQLP

exports[`(Snapshot) Mini player should render correctly 1`] = `
<DocumentFragment>
  <div
    class="mini_player"
  >
    <div
      class="mini_play_options"
    >
      <div
        class="neumorphic_box small"
        style="border-radius: 5px;"
      >
        <button>
          <i
            aria-hidden="true"
            class="chevron left large icon"
          />
        </button>
      </div>
      <div
        class="neumorphic_box small"
        style="border-radius: 5px;"
      >
        <button>
          <i
            aria-hidden="true"
            class="ellipsis horizontal large icon"
          />
        </button>
      </div>
    </div>
    <div
      class="mini_track_info"
    >
      <div
        class="mini_cover"
      >
        <img
          src="https://i.imgur.com/4euOws2.jpg"
        />
      </div>
    </div>
    <div
      class="seekbar_wrapper"
    >
      <div
        class="row"
      >
        <span>
          03:14
        </span>
        <span>
          -02:43
        </span>
      </div>
      <div
        class="nuclear seekbar"
        style="height: 0.5em;"
      >
        <div
          class="nuclear seekbar_progress"
          style="width: 66%;"
        />
      </div>
    </div>
    <div
      class="mini_player_controls"
    >
      <div
        class="neumorphic_box small"
        style="border-radius: 5px;"
      >
        <button
          class="player_button"
        >
          <i
            aria-hidden="true"
            class="step backward large inverted icon"
          />
        </button>
      </div>
      <div
        class="neumorphic_box small"
        style="border-radius: 5px;"
      >
        <button
          class="player_button"
        >
          <i
            aria-hidden="true"
            class="play large inverted icon"
          />
        </button>
      </div>
      <div
        class="neumorphic_box small"
        style="border-radius: 5px;"
      >
        <button
          class="player_button"
        >
          <i
            aria-hidden="true"
            class="step forward large inverted icon"
          />
        </button>
      </div>
    </div>
  </div>
</DocumentFragment>
`;
