// Jest Snapshot v1, https://goo.gl/fbAQLP

exports[`Listening history container renders the listening history 1`] = `
<DocumentFragment>
  <div
    class="main_layout_container"
  >
    <div
      class="listening_history_view"
    >
      <div
        class="header_container"
      >
        title
      </div>
    </div>
  </div>
</DocumentFragment>
`;
