// Jest Snapshot v1, https://goo.gl/fbAQLP

exports[`Album view container should display empty state 1`] = `
<DocumentFragment>
  <div
    class="main_layout_container"
  >
    <div
      class="favorite_albums_view"
    >
      <div
        class="empty_state"
      >
        <i
          class="icons"
        >
          <i
            aria-hidden="true"
            class="star icon"
          />
          <i
            aria-hidden="true"
            class="dot circle corner icon"
          />
        </i>
        <h2>
          No favorite albums
        </h2>
        <div>
          Try adding some albums to favorites and they will appear here!
        </div>
      </div>
    </div>
  </div>
</DocumentFragment>
`;

exports[`Album view container should display favorite albums 1`] = `
<DocumentFragment>
  <div
    class="main_layout_container"
  >
    <div
      class="favorite_albums_view"
    >
      <div
        class="header_container"
      >
        Your favorite albums
      </div>
      <div
        class="ui segment favorite_albums_segment"
      >
        <div
          class="nuclear album_grid auto_size"
        >
          <div
            class="album_cards"
          >
            <div
              class="nuclear card_container"
            >
              <div
                class="card animated"
              >
                <div
                  aria-expanded="false"
                  class="ui basic dropdown menu_button"
                  role="listbox"
                  tabindex="0"
                >
                  <i
                    aria-hidden="true"
                    class="ellipsis vertical icon"
                  />
                  <div
                    class="menu transition"
                  >
                    <div
                      class="item"
                      role="option"
                    >
                      Remove
                    </div>
                  </div>
                </div>
                <div
                  class="thumbnail"
                >
                  <div
                    class="overlay"
                  />
                </div>
                <div
                  class="card_content"
                >
                  <h4>
                     Test album 1
                  </h4>
                </div>
              </div>
            </div>
          </div>
        </div>
      </div>
    </div>
  </div>
</DocumentFragment>
`;
