// Jest Snapshot v1, https://goo.gl/fbAQLP

exports[`Dashboard container should render card album title, album artist, track title and track artist 1`] = `
<DocumentFragment>
  <div
    class="main_layout_container"
  >
    <div
      class="dashboard"
    >
      <div
        class="dashboard_tabs"
      >
        <div
          class="ui pointing secondary menu"
        >
          <a
            class="item"
          >
            Trending
          </a>
          <a
            class="active item"
          >
            Best new music
          </a>
          <a
            class="item"
          >
            Top Tracks
          </a>
          <a
            class="item"
          >
            Genres
          </a>
        </div>
        <div
          class="ui segment active tab best_new_music_tab_pane"
        >
          <div
            class="best_new_music_menu"
          >
            <div
              class="ui large vertical menu"
            >
              <div
                class="link item best_new_music_menu_header"
              >
                Best new albums
              </div>
              <div
                class="link item"
              >
                <div
                  class="best_new_music_card"
                >
                  <div
                    class="card_thumbnail"
                  >
                    <img
                      alt="test title 1"
                      src="test thumbnail 1"
                    />
                  </div>
                  <div
                    class="card_info"
                  >
                    <div
                      class="card_title_row"
                    >
                      <div
                        class="card_title"
                        data-testid="best-new-music-card-title-test title 1"
                      >
                        test title 1
                      </div>
                    </div>
                    <div
                      class="card_artist"
                      data-testid="best-new-music-card-artist-test artist 1"
                    >
                      test artist 1
                    </div>
                  </div>
                </div>
              </div>
              <div
                class="link item"
              >
                <div
                  class="best_new_music_card"
                >
                  <div
                    class="card_thumbnail"
                  >
                    <img
                      alt="test title 2"
                      src="test thumbnail 2"
                    />
                  </div>
                  <div
                    class="card_info"
                  >
                    <div
                      class="card_title_row"
                    >
                      <div
                        class="card_title"
                        data-testid="best-new-music-card-title-test title 2"
                      >
                        test title 2
                      </div>
                    </div>
                    <div
                      class="card_artist"
                      data-testid="best-new-music-card-artist-test artist 2"
                    >
                      test artist 2
                    </div>
                  </div>
                </div>
              </div>
              <div
                class="link item best_new_music_menu_header"
              >
                Best new tracks
              </div>
              <div
                class="link item"
              >
                <div
                  class="best_new_music_card"
                >
                  <div
                    class="card_thumbnail"
                  >
                    <img
                      alt="test track title 1"
                      src="test track thumbnail 1"
                    />
                  </div>
                  <div
                    class="card_info"
                  >
                    <div
                      class="card_title_row"
                    >
                      <div
                        class="card_title"
                        data-testid="best-new-music-card-title-test track title 1"
                      >
                        test track title 1
                      </div>
                      <i
                        aria-hidden="true"
                        class="star outline large icon card_favorite"
                        data-testid="favorite-icon-test track artist 1-test track title 1"
                      />
                    </div>
                    <div
                      class="card_artist"
                      data-testid="best-new-music-card-artist-test track artist 1"
                    >
                      test track artist 1
                    </div>
                  </div>
                </div>
              </div>
              <div
                class="link item"
              >
                <div
                  class="best_new_music_card"
                >
                  <div
                    class="card_thumbnail"
                  >
                    <img
                      alt="test track title 2"
                      src="test track thumbnail 2"
                    />
                  </div>
                  <div
                    class="card_info"
                  >
                    <div
                      class="card_title_row"
                    >
                      <div
                        class="card_title"
                        data-testid="best-new-music-card-title-test track title 2"
                      >
                        test track title 2
                      </div>
                      <i
                        aria-hidden="true"
                        class="star outline large icon card_favorite"
                        data-testid="favorite-icon-test track artist 2-test track title 2"
                      />
                    </div>
                    <div
                      class="card_artist"
                      data-testid="best-new-music-card-artist-test track artist 2"
                    >
                      test track artist 2
                    </div>
                  </div>
                </div>
              </div>
            </div>
          </div>
          <div
            class="best_new_music_content"
          >
            <div
              class="review_header"
            >
              <div
                class="thumbnail"
              >
                <img
                  alt="test title 1"
                  src="test thumbnail 1"
                />
              </div>
              <div
                class="review_headings"
              >
                <div
                  class="artist"
                >
                  test artist 1
                </div>
                <div
                  class="title"
                >
                  test title 1
                </div>
              </div>
              <div
                class="score"
              >
                <div
                  class="score_box"
                >
                  5.0
                </div>
              </div>
            </div>
            <p
              class="paragraph"
            >
              test review 1
            </p>
          </div>
        </div>
      </div>
    </div>
  </div>
</DocumentFragment>
`;
